// Jest Snapshot v1, https://goo.gl/fbAQLP

exports[`testing button footer component renders buttom 1`] = `
<View>
  <View
    accessible={true}
    clickable={true}
    isTVSelectable={true}
    onClick={[Function]}
    onResponderGrant={[Function]}
    onResponderMove={[Function]}
    onResponderRelease={[Function]}
    onResponderTerminate={[Function]}
    onResponderTerminationRequest={[Function]}
    onStartShouldSetResponder={[Function]}
    style={
      Object {
        "alignItems": "center",
        "backgroundColor": "#00306B",
        "borderRadius": 0,
        "borderTopColor": "#00306B",
        "borderTopWidth": 1,
        "height": 75,
        "justifyContent": "center",
        "opacity": 1,
        "paddingHorizontal": 15,
      }
    }
  >
    <View
      style={
        Object {
          "alignItems": "center",
          "backgroundColor": "#00306B",
          "flexDirection": "row",
          "marginHorizontal": 10,
        }
      }
    >
      <Text
        bold={true}
        style={
          Object {
            "color": "#fff",
            "flex": 1,
            "fontWeight": "bold",
            "letterSpacing": 2,
          }
        }
        upper={true}
      >
        Testing
      </Text>
      <Text
        allowFontScaling={false}
        style={
          Array [
            Object {
              "color": undefined,
              "fontSize": 12,
            },
            Object {
              "color": "#B5B5B5",
            },
            Object {
              "fontFamily": "Ionicons",
              "fontStyle": "normal",
              "fontWeight": "normal",
            },
            Object {},
          ]
        }
      >
        
      </Text>
    </View>
  </View>
</View>
`;
